
> @gondoor/web@0.1.0 lint /Users/aslaii/work/mobii/gondoor-mono/.worktrees/onboarding-changes/apps/web
> eslint src e2e next.config.ts eslint.config.mjs playwright.config.ts


/Users/aslaii/work/mobii/gondoor-mono/.worktrees/onboarding-changes/apps/web/src/features/dashboard/actions/components/content-sub-picker.test.tsx
  253:11  warning  'props' is assigned a value but never used. Allowed unused vars must match /^_/u  @typescript-eslint/no-unused-vars
  264:11  warning  'props' is assigned a value but never used. Allowed unused vars must match /^_/u  @typescript-eslint/no-unused-vars

/Users/aslaii/work/mobii/gondoor-mono/.worktrees/onboarding-changes/apps/web/src/features/dashboard/home/pages/home-page.tsx
  624:5  warning  Error: Calling setState synchronously within an effect can trigger cascading renders

Effects are intended to synchronize state between React and external systems such as manually updating the DOM, state management libraries, or other platform APIs. In general, the body of an effect should do one or both of the following:
* Update external systems with the latest state from React.
* Subscribe for updates from some external system, calling setState in a callback function when external state changes.

Calling setState synchronously within an effect body causes cascading renders that can hurt performance, and is not recommended. (https://react.dev/learn/you-might-not-need-an-effect).

/Users/aslaii/work/mobii/gondoor-mono/.worktrees/onboarding-changes/apps/web/src/features/dashboard/home/pages/home-page.tsx:624:5
  622 |
  623 |   useEffect(() => {
> 624 |     setStartIndex((previousStartIndex) => Math.min(previousStartIndex, maxStartIndex));
      |     ^^^^^^^^^^^^^ Avoid calling setState() directly within an effect
  625 |   }, [maxStartIndex]);
  626 |
  627 |   const hasSliderControls =  react-hooks/set-state-in-effect

/Users/aslaii/work/mobii/gondoor-mono/.worktrees/onboarding-changes/apps/web/src/features/dashboard/settings/pages/settings-page.tsx
  449:6  warning  React Hook useEffect has a missing dependency: 'syncSettingsState'. Either include it or remove the dependency array            react-hooks/exhaustive-deps
  588:6  warning  React Hook useEffect has a missing dependency: 'refreshCanonicalCreditState'. Either include it or remove the dependency array  react-hooks/exhaustive-deps

/Users/aslaii/work/mobii/gondoor-mono/.worktrees/onboarding-changes/apps/web/src/features/dashboard/your-files/pages/your-files-page.tsx
  55:5  warning  Error: Calling setState synchronously within an effect can trigger cascading renders

Effects are intended to synchronize state between React and external systems such as manually updating the DOM, state management libraries, or other platform APIs. In general, the body of an effect should do one or both of the following:
* Update external systems with the latest state from React.
* Subscribe for updates from some external system, calling setState in a callback function when external state changes.

Calling setState synchronously within an effect body causes cascading renders that can hurt performance, and is not recommended. (https://react.dev/learn/you-might-not-need-an-effect).

/Users/aslaii/work/mobii/gondoor-mono/.worktrees/onboarding-changes/apps/web/src/features/dashboard/your-files/pages/your-files-page.tsx:55:5
  53 |     let cancelled = false;
  54 |
> 55 |     setCurrentWebsiteUrl(authWebsiteUrl);
     |     ^^^^^^^^^^^^^^^^^^^^ Avoid calling setState() directly within an effect
  56 |
  57 |     void getDashboardWebsiteStatus()
  58 |       .then((response) => {  react-hooks/set-state-in-effect

/Users/aslaii/work/mobii/gondoor-mono/.worktrees/onboarding-changes/apps/web/src/features/onboarding/components/animated-status-icon.tsx
   24:23  error  disallow literal string: ease: 'easeInOut'                                                                                                                                                                                          i18next/no-literal-string
   39:23  error  disallow literal string: ease: 'easeInOut'                                                                                                                                                                                          i18next/no-literal-string
   69:19  error  disallow literal string: [
                  'drop-shadow(0:0 0px rgba(30,122,71,0))',
                  'drop-shadow(0:0 4px rgba(30,122,71,0.5))',
                  'drop-shadow(0:0 0px rgba(30,122,71,0))',
                ]  i18next/no-literal-string
   71:19  error  disallow literal string: [
                  'drop-shadow(0:0 0px rgba(30,122,71,0))',
                  'drop-shadow(0:0 4px rgba(30,122,71,0.5))',
                  'drop-shadow(0:0 0px rgba(30,122,71,0))',
                ]  i18next/no-literal-string
   80:25  error  disallow literal string: ease: 'easeInOut'                                                                                                                                                                                          i18next/no-literal-string
   86:25  error  disallow literal string: ease: 'easeInOut'                                                                                                                                                                                          i18next/no-literal-string
   96:52  error  disallow literal string: ease: 'easeOut'                                                                                                                                                                                            i18next/no-literal-string
  115:25  error  disallow literal string: ease: 'easeInOut'                                                                                                                                                                                          i18next/no-literal-string

/Users/aslaii/work/mobii/gondoor-mono/.worktrees/onboarding-changes/apps/web/src/features/onboarding/pages/setup-page.tsx
  8:18  warning  'Zap' is defined but never used. Allowed unused vars must match /^_/u  @typescript-eslint/no-unused-vars

/Users/aslaii/work/mobii/gondoor-mono/.worktrees/onboarding-changes/apps/web/src/server/modules/billing/whop-mode-gate.ts
  13:3  warning  'intent' is defined but never used. Allowed unused args must match /^_/u  @typescript-eslint/no-unused-vars

/Users/aslaii/work/mobii/gondoor-mono/.worktrees/onboarding-changes/apps/web/src/server/modules/dashboard/website-saas-cta.ts
  101:10  warning  'readString' is defined but never used. Allowed unused vars must match /^_/u  @typescript-eslint/no-unused-vars

✖ 17 problems (8 errors, 9 warnings)

 ELIFECYCLE  Command failed with exit code 1.
